Copyright 1986-2022 Xilinx, Inc. All Rights Reserved. Copyright 2022-2023 Advanced Micro Devices, Inc. All Rights Reserved.
---------------------------------------------------------------------------------------------------------------------------------------------
| Tool Version : Vivado v.2023.1 (win64) Build 3865809 Sun May  7 15:05:29 MDT 2023
| Date         : Wed Dec 27 14:35:36 2023
| Host         : Desktop-Tyke running 64-bit major release  (build 9200)
| Command      : report_control_sets -verbose -file main_control_sets_placed.rpt
| Design       : main
| Device       : xc7a35t
---------------------------------------------------------------------------------------------------------------------------------------------

Control Set Information

Table of Contents
-----------------
1. Summary
2. Histogram
3. Flip-Flop Distribution
4. Detailed Control Set Information

1. Summary
----------

+----------------------------------------------------------+-------+
|                          Status                          | Count |
+----------------------------------------------------------+-------+
| Total control sets                                       |    80 |
|    Minimum number of control sets                        |    80 |
|    Addition due to synthesis replication                 |     0 |
|    Addition due to physical synthesis replication        |     0 |
| Unused register locations in slices containing registers |   213 |
+----------------------------------------------------------+-------+
* Control sets can be merged at opt_design using control_set_merge or merge_equivalent_drivers
** Run report_qor_suggestions for automated merging and remapping suggestions


2. Histogram
------------

+--------------------+-------+
|       Fanout       | Count |
+--------------------+-------+
| Total control sets |    80 |
| >= 0 to < 4        |     5 |
| >= 4 to < 6        |    14 |
| >= 6 to < 8        |     3 |
| >= 8 to < 10       |    19 |
| >= 10 to < 12      |     4 |
| >= 12 to < 14      |     0 |
| >= 14 to < 16      |     4 |
| >= 16              |    31 |
+--------------------+-------+
* Control sets can be remapped at either synth_design or opt_design


3. Flip-Flop Distribution
-------------------------

+--------------+-----------------------+------------------------+-----------------+--------------+
| Clock Enable | Synchronous Set/Reset | Asynchronous Set/Reset | Total Registers | Total Slices |
+--------------+-----------------------+------------------------+-----------------+--------------+
| No           | No                    | No                     |             694 |          295 |
| No           | No                    | Yes                    |              44 |           17 |
| No           | Yes                   | No                     |             350 |           99 |
| Yes          | No                    | No                     |             103 |           48 |
| Yes          | No                    | Yes                    |              60 |           15 |
| Yes          | Yes                   | No                     |             288 |           93 |
+--------------+-----------------------+------------------------+-----------------+--------------+


4. Detailed Control Set Information
-----------------------------------

+-------------------------------------------------------+------------------------------------------------------------------------------------------------------------------------------------+-------------------------------------------------------------------------------------------------------------------------------------------------------+------------------+----------------+--------------+
|                      Clock Signal                     |                                                            Enable Signal                                                           |                                                                    Set/Reset Signal                                                                   | Slice Load Count | Bel Load Count | Bels / Slice |
+-------------------------------------------------------+------------------------------------------------------------------------------------------------------------------------------------+-------------------------------------------------------------------------------------------------------------------------------------------------------+------------------+----------------+--------------+
|  nolabel_line152/clk_gen_i0/clk_core_i0/inst/clk_out2 |                                                                                                                                    | nolabel_line152/clk_gen_i0/int_rst                                                                                                                    |                1 |              2 |         2.00 |
|  nolabel_line152/clk_gen_i0/clk_core_i0/inst/clk_out1 |                                                                                                                                    | nolabel_line152/char_fifo_i0/U0/inst_fifo_gen/gconvfifo.rf/grf.rf/rstblk/grstd1.grst_full.rst_d2                                                      |                2 |              2 |         1.00 |
|  nolabel_line152/clk_gen_i0/clk_core_i0/inst/clk_out1 |                                                                                                                                    | nolabel_line152/clk_gen_i0/int_rst                                                                                                                    |                1 |              2 |         2.00 |
|  model2/player/beat1/beat                             |                                                                                                                                    |                                                                                                                                                       |                2 |              3 |         1.50 |
|  nolabel_line152/clk_gen_i0/clk_core_i0/inst/clk_out2 |                                                                                                                                    | nolabel_line152/char_fifo_i0/U0/inst_fifo_gen/gconvfifo.rf/grf.rf/rstblk/ngwrdrst.grst.g7serrst.gnsckt_wrst.gic_rst.rst_rd_reg2_inst/arststages_ff[1] |                1 |              3 |         3.00 |
|  nolabel_line152/clk_gen_i0/clk_core_i0/inst/clk_out2 | nolabel_line152/uart_tx_i0/uart_tx_ctl_i0/over_sample_cnt[3]_i_1_n_1                                                               | nolabel_line152/rst_gen_i0/reset_bridge_clk_tx_i0/rst_clk_tx                                                                                          |                1 |              4 |         4.00 |
|  nolabel_line152/clk_gen_i0/clk_core_i0/inst/clk_out2 | nolabel_line152/uart_tx_i0/uart_tx_ctl_i0/FSM_sequential_state[1]_i_1__1_n_1                                                       | nolabel_line152/rst_gen_i0/reset_bridge_clk_tx_i0/rst_clk_tx                                                                                          |                2 |              4 |         2.00 |
|  clk_game_BUFG                                        | mode_sel/E[0]                                                                                                                      |                                                                                                                                                       |                2 |              4 |         2.00 |
|  clk_game_BUFG                                        | model3_user1/studyer/music_speed_play[3]_i_1__0_n_1                                                                                |                                                                                                                                                       |                2 |              4 |         2.00 |
|  nolabel_line152/clk_gen_i0/clk_core_i0/inst/clk_out1 | nolabel_line152/uart_rx_i0/uart_rx_ctl_i0/FSM_sequential_state[1]_i_1__0_n_1                                                       | nolabel_line152/rst_gen_i0/reset_bridge_clk_rx_i0/rst_clk_rx                                                                                          |                1 |              4 |         4.00 |
|  clk_game_BUFG                                        | model3_user3/setter1/note[3]_i_1__1_n_1                                                                                            |                                                                                                                                                       |                3 |              4 |         1.33 |
|  clk_game_BUFG                                        | model3_user2/studyer/music_speed_play[3]_i_1__1_n_1                                                                                |                                                                                                                                                       |                3 |              4 |         1.33 |
|  clk_game_BUFG                                        | model3_user2/setter1/note[3]_i_1__0_n_1                                                                                            |                                                                                                                                                       |                2 |              4 |         2.00 |
|  clk_game_BUFG                                        | model3_user1/setter1/note[3]_i_1_n_1                                                                                               |                                                                                                                                                       |                2 |              4 |         2.00 |
|  clk_game_BUFG                                        | model3_user3/studyer/music_speed_play[3]_i_1__2_n_1                                                                                |                                                                                                                                                       |                2 |              4 |         2.00 |
|  nolabel_line152/clk_gen_i0/clk_core_i0/inst/clk_out1 | nolabel_line152/resp_gen_i0/char_cnt                                                                                               | nolabel_line152/resp_gen_i0/char_cnt[3]_i_1_n_1                                                                                                       |                2 |              4 |         2.00 |
|  nolabel_line152/clk_gen_i0/clk_core_i0/inst/clk_out2 |                                                                                                                                    | nolabel_line152/rst_gen_i0/reset_bridge_clk_tx_i0/rst_clk_tx                                                                                          |                3 |              5 |         1.67 |
|  studyer/studyer/beat_0                               |                                                                                                                                    |                                                                                                                                                       |                4 |              5 |         1.25 |
|  studyer/studyer/beat                                 |                                                                                                                                    |                                                                                                                                                       |                3 |              5 |         1.67 |
|  model2/player/beat1/beat                             | model2/player/counter[7]_i_2_n_1                                                                                                   | model2/player/counter[7]_i_1__2_n_1                                                                                                                   |                3 |              6 |         2.00 |
|  model2/player/beat1/beat                             | model2/player_en                                                                                                                   | model2/player/note_code[7]_i_1_n_1                                                                                                                    |                6 |              7 |         1.17 |
|  nolabel_line152/clk_gen_i0/clk_core_i0/inst/clk_out1 | nolabel_line152/cmd_parse_i0/FSM_sequential_state_reg[1]_0[0]                                                                      | nolabel_line152/rst_gen_i0/reset_bridge_clk_rx_i0/rst_clk_rx                                                                                          |                2 |              7 |         3.50 |
|  nolabel_line152/clk_gen_i0/clk_core_i0/inst/clk_out1 | nolabel_line152/cmd_parse_i0/p_13_in                                                                                               | nolabel_line152/rst_gen_i0/reset_bridge_clk_rx_i0/rst_clk_rx                                                                                          |                3 |              8 |         2.67 |
|  studyer/studyer/beat_0                               | model3_user2/studyer/studyer/note_code[7]_i_1__1_n_1                                                                               |                                                                                                                                                       |                6 |              8 |         1.33 |
|  studyer/studyer/beat_0                               | model3_user2/studyer/studyer/music_play_reg_0_15_0_0_i_1__0_n_1                                                                    |                                                                                                                                                       |                2 |              8 |         4.00 |
|  studyer/studyer/beat_0                               | model3_user2/studyer/studyer/counter[7]_i_2__1_n_1                                                                                 | model3_user2/studyer/studyer/counter[7]_i_1__0_n_1                                                                                                    |                3 |              8 |         2.67 |
|  nolabel_line152/clk_gen_i0/clk_core_i0/inst/clk_out2 | nolabel_line152/char_fifo_i0/U0/inst_fifo_gen/gconvfifo.rf/grf.rf/gntv_or_sync_fifo.gl0.rd/gr1.gr1_int.rfwft/E[0]                  | nolabel_line152/char_fifo_i0/U0/inst_fifo_gen/gconvfifo.rf/grf.rf/rstblk/ngwrdrst.grst.g7serrst.gnsckt_wrst.gic_rst.sckt_rd_rst_ic_reg_0[0]           |                2 |              8 |         4.00 |
|  studyer/studyer/beat_1                               | model3_user3/studyer/studyer/note_code[7]_i_1__2_n_1                                                                               |                                                                                                                                                       |                5 |              8 |         1.60 |
|  studyer/studyer/beat_1                               | model3_user3/studyer/studyer/music_play_reg_0_15_0_0_i_1__1_n_1                                                                    |                                                                                                                                                       |                2 |              8 |         4.00 |
|  studyer/studyer/beat_1                               |                                                                                                                                    |                                                                                                                                                       |                6 |              8 |         1.33 |
|  studyer/studyer/beat_1                               | model3_user3/studyer/studyer/counter[7]_i_2__2_n_1                                                                                 | model3_user3/studyer/studyer/counter[7]_i_1__1_n_1                                                                                                    |                3 |              8 |         2.67 |
|  studyer/studyer/beat_0                               | model3_user2/studyer/studyer/music_play_length[7]_i_1__0_n_1                                                                       |                                                                                                                                                       |                2 |              8 |         4.00 |
|  studyer/studyer/beat                                 | model3_user1/studyer/studyer/counter[7]_i_2__0_n_1                                                                                 | model3_user1/studyer/studyer/counter[7]_i_1_n_1                                                                                                       |                4 |              8 |         2.00 |
|  studyer/studyer/beat                                 | model3_user1/studyer/studyer/music_play_length[7]_i_1_n_1                                                                          |                                                                                                                                                       |                3 |              8 |         2.67 |
|  studyer/studyer/beat_1                               | model3_user3/studyer/studyer/music_play_length[7]_i_1__1_n_1                                                                       |                                                                                                                                                       |                2 |              8 |         4.00 |
|  studyer/studyer/beat                                 | model3_user1/studyer/studyer/music_play_reg_0_15_0_0_i_1_n_1                                                                       |                                                                                                                                                       |                2 |              8 |         4.00 |
|  studyer/studyer/beat                                 | model3_user1/studyer/studyer/note_code[7]_i_1__0_n_1                                                                               |                                                                                                                                                       |                4 |              8 |         2.00 |
|  studyer/studyer/beat                                 | model3_user1/studyer/studyer/counter_time[8]_i_1_n_1                                                                               |                                                                                                                                                       |                3 |              9 |         3.00 |
|  studyer/studyer/beat_0                               | model3_user2/studyer/studyer/counter_time[8]_i_1__0_n_1                                                                            |                                                                                                                                                       |                4 |              9 |         2.25 |
|  studyer/studyer/beat_1                               | model3_user3/studyer/studyer/counter_time[8]_i_1__1_n_1                                                                            |                                                                                                                                                       |                3 |              9 |         3.00 |
|  nolabel_line152/clk_gen_i0/clk_core_i0/inst/clk_out1 |                                                                                                                                    | nolabel_line152/char_fifo_i0/U0/inst_fifo_gen/gconvfifo.rf/grf.rf/rstblk/ngwrdrst.grst.g7serrst.gnsckt_wrst.rst_wr_reg2_inst/arststages_ff[1]         |                2 |              9 |         4.50 |
|  nolabel_line152/clk_gen_i0/clk_core_i0/inst/clk_out1 |                                                                                                                                    | nolabel_line152/uart_rx_i0/uart_baud_gen_rx_i0/internal_count[9]_i_1_n_1                                                                              |                2 |             10 |         5.00 |
|  nolabel_line152/clk_gen_i0/clk_core_i0/inst/clk_out2 |                                                                                                                                    | nolabel_line152/char_fifo_i0/U0/inst_fifo_gen/gconvfifo.rf/grf.rf/rstblk/ngwrdrst.grst.g7serrst.gnsckt_wrst.gic_rst.sckt_rd_rst_ic_reg_0[0]           |                2 |             10 |         5.00 |
|  nolabel_line152/clk_gen_i0/clk_core_i0/inst/clk_out2 |                                                                                                                                    | nolabel_line152/uart_tx_i0/uart_baud_gen_tx_i0/internal_count[9]_i_1__0_n_1                                                                           |                4 |             10 |         2.50 |
|  vga_display_inst/clk_gen_inst/inst/c0                | vga_display_inst/vga_ctrl_inst/cnt_v[9]_i_1_n_1                                                                                    | vga_display_inst/vga_ctrl_inst/sys_rst                                                                                                                |                4 |             10 |         2.50 |
|  clk_game_BUFG                                        | model3_user1/studyer/rst1_reg                                                                                                      | model3_user2/studyer/music_number[15]_i_1__1_n_1                                                                                                      |                4 |             14 |         3.50 |
|  clk_game_BUFG                                        | model3_user1/studyer/rst1_reg_0                                                                                                    | model3_user3/studyer/music_number[15]_i_1__2_n_1                                                                                                      |                4 |             14 |         3.50 |
|  clk_game_BUFG                                        | model3_user1/studyer/music_number[15]_i_2__0_n_1                                                                                   | model3_user1/studyer/music_number[15]_i_1__0_n_1                                                                                                      |                4 |             14 |         3.50 |
|  clk_game_BUFG                                        | mode_sel/rst1_reg_2                                                                                                                | mode_sel/en2_reg_0                                                                                                                                    |                4 |             14 |         3.50 |
|  studyer/studyer/beat_1                               | model3_user3/studyer/studyer/music_play_reg_0_127_0_0_i_1__1_n_1                                                                   |                                                                                                                                                       |                4 |             16 |         4.00 |
|  studyer/studyer/beat_0                               | model3_user2/studyer/studyer/music_play_reg_0_127_0_0_i_1__0_n_1                                                                   |                                                                                                                                                       |                4 |             16 |         4.00 |
|  studyer/studyer/beat                                 | model3_user1/studyer/studyer/music_play_reg_0_127_0_0_i_1_n_1                                                                      |                                                                                                                                                       |                4 |             16 |         4.00 |
|  vga_display_inst/clk_gen_inst/inst/c0                |                                                                                                                                    | vga_display_inst/vga_ctrl_inst/sys_rst                                                                                                                |                8 |             16 |         2.00 |
|  nolabel_line152/clk_gen_i0/clk_core_i0/inst/clk_out2 |                                                                                                                                    | nolabel_line152/lb_ctl_i0/debouncer_i0/meta_harden_signal_in_i0/signal_dst_reg_0                                                                      |                5 |             18 |         3.60 |
|  nolabel_line152/clk_gen_i0/clk_core_i0/inst/clk_out2 | nolabel_line152/char_fifo_i0/U0/inst_fifo_gen/gconvfifo.rf/grf.rf/gntv_or_sync_fifo.gl0.rd/gr1.gr1_int.rfwft/ram_empty_fb_i_reg[0] | nolabel_line152/char_fifo_i0/U0/inst_fifo_gen/gconvfifo.rf/grf.rf/rstblk/ngwrdrst.grst.g7serrst.gnsckt_wrst.gic_rst.sckt_rd_rst_ic_reg_0[0]           |                5 |             20 |         4.00 |
|  clk_IBUF                                             |                                                                                                                                    | clk2/clear                                                                                                                                            |                6 |             23 |         3.83 |
|  nolabel_line152/clk_gen_i0/clk_core_i0/inst/clk_out1 |                                                                                                                                    | nolabel_line152/rst_gen_i0/reset_bridge_clk_rx_i0/rst_clk_rx                                                                                          |               11 |             24 |         2.18 |
|  clk_IBUF                                             |                                                                                                                                    | model3_user3/studyer/studyer/beat1/counter_reg[21]_0                                                                                                  |                7 |             25 |         3.57 |
|  clk_IBUF                                             |                                                                                                                                    | model3_user1/studyer/studyer/beat1/counter_reg[21]_0                                                                                                  |                7 |             25 |         3.57 |
|  clk_IBUF                                             |                                                                                                                                    | model3_user2/studyer/studyer/beat1/counter_reg[21]_0                                                                                                  |                7 |             25 |         3.57 |
|  clk_IBUF                                             |                                                                                                                                    | model2/player/beat1/clear                                                                                                                             |                7 |             25 |         3.57 |
|  nolabel_line152/clk_gen_i0/clk_core_i0/inst/clk_out1 | nolabel_line152/cmd_parse_i0/E[0]                                                                                                  | nolabel_line152/rst_gen_i0/reset_bridge_clk_rx_i0/rst_clk_rx                                                                                          |                9 |             28 |         3.11 |
|  nolabel_line152/clk_gen_i0/clk_core_i0/inst/clk_out1 | nolabel_line152/char_fifo_i0/U0/inst_fifo_gen/gconvfifo.rf/grf.rf/gntv_or_sync_fifo.gl0.wr/gwas.wsts/E[0]                          | nolabel_line152/char_fifo_i0/U0/inst_fifo_gen/gconvfifo.rf/grf.rf/rstblk/AR[0]                                                                        |                6 |             30 |         5.00 |
|  clk_IBUF                                             |                                                                                                                                    | model3_user1/setter1/note_play_reg[2]                                                                                                                 |                8 |             32 |         4.00 |
|  clk_IBUF                                             | model3_user2/setter1/buzzer_en                                                                                                     | model3_user2/setter1/buzzer1/clear                                                                                                                    |                8 |             32 |         4.00 |
|  clk_IBUF                                             |                                                                                                                                    | model3_user2/setter1/note_play_reg[2]                                                                                                                 |                8 |             32 |         4.00 |
|  clk_IBUF                                             |                                                                                                                                    | model3_user3/setter1/note_play_reg[2]                                                                                                                 |                8 |             32 |         4.00 |
|  clk_IBUF                                             |                                                                                                                                    | model2/player/buzzer1/counter[0]_i_1__14_n_1                                                                                                          |                8 |             32 |         4.00 |
|  clk_IBUF                                             |                                                                                                                                    | model1/buzzer1/p_0_in_0                                                                                                                               |                8 |             32 |         4.00 |
|  clk_IBUF                                             | model3_user1/setter1/buzzer_en                                                                                                     | model3_user1/setter1/buzzer1/clear                                                                                                                    |                8 |             32 |         4.00 |
|  nolabel_line152/clk_gen_i0/clk_core_i0/inst/clk_out1 | nolabel_line152/cmd_parse_i0/bt_data32[31]_i_1_n_1                                                                                 | nolabel_line152/rst_gen_i0/reset_bridge_clk_rx_i0/rst_clk_rx                                                                                          |               12 |             32 |         2.67 |
|  clk_IBUF                                             | model3_user3/setter1/buzzer_en                                                                                                     | model3_user3/setter1/buzzer1/clear                                                                                                                    |                8 |             32 |         4.00 |
|  n_0_2936_BUFG                                        |                                                                                                                                    |                                                                                                                                                       |               18 |             38 |         2.11 |
|  en3_BUFG                                             |                                                                                                                                    |                                                                                                                                                       |               18 |             38 |         2.11 |
|  en4_BUFG                                             |                                                                                                                                    |                                                                                                                                                       |               21 |             38 |         1.81 |
|  en5_BUFG                                             |                                                                                                                                    |                                                                                                                                                       |               15 |             38 |         2.53 |
|  nolabel_line152/clk_gen_i0/clk_core_i0/inst/clk_out2 |                                                                                                                                    |                                                                                                                                                       |               13 |             51 |         3.92 |
|  nolabel_line152/clk_gen_i0/clk_core_i0/inst/clk_out1 |                                                                                                                                    |                                                                                                                                                       |               17 |             52 |         3.06 |
|  clk_game_BUFG                                        |                                                                                                                                    |                                                                                                                                                       |              114 |            207 |         1.82 |
|  clk_IBUF                                             |                                                                                                                                    |                                                                                                                                                       |               64 |            211 |         3.30 |
+-------------------------------------------------------+------------------------------------------------------------------------------------------------------------------------------------+-------------------------------------------------------------------------------------------------------------------------------------------------------+------------------+----------------+--------------+


